╭────────────────────────────────────────────────────────────────────────────────────────╮
│> devd2                      ctrl+k:cmd  p:project  b:backlog  R:reviews  ?:help  q:quit│
│╭───────────────────────────╮╭───────────────────────────╮╭───────────────────────────╮ │
││Milestones                 ││Sprints ∙ Meilenstein Eins ││Issues ∙ DD2#9             │ │
││────────────               ││───────────────────────────││────────────────           │ │
││▸ ◉ Meilenstein Eins  0/0  ││  DD2#9    review  0/0     ││  ⯁ P1 DD2-99    Beispiel-…│ │
││                           ││                           ││                           │ │
││                           ││                           ││                           │ │
││                           ││                           ││                           │ │
││                           ││                           ││                           │ │
││                           ││                           ││                           │ │
││                           ││                           ││                           │ │
││                           ││                           ││                           │ │
││                           ││                           ││                           │ │
││                           ││                           ││                           │ │
││                           ││                           ││                           │ │
││                           ││                           ││                           │ │
│╰───────────────────────────╯╰───────────────────────────╯╰───────────────────────────╯ │
│↑/i:up  ↓/k:down  ←/j:back/out  →/l:in/expand  enter:open/confirm  s:Status (all)       │
│d:delete (cascade)  f:Filter  y:Copy context  T:Tag-Manager  ctrl+r:Reload data         │
│b:Backlog  R:Review-Cockpit  q:quit                                                     │
╰────────────────────────────────────────────────────────────────────────────────────────╯