╭────────────────────────────────────────────────────────────────────────────────────────╮
│> devd2                      ctrl+k:cmd  p:project  b:backlog  R:reviews  ?:help  q:quit│
│╭───────────────────────────╮╭───────────────────────────╮╭───────────────────────────╮ │
││Milestones                 ││Sprints ∙ Meilenstein Eins ││Issues ∙ DD2#9             │ │
││────────────               ││───────────────────────────││────────────────           │ │
││▸ ◉ Meilenstein Eins  0/0  ││  DD2#9    to_review  0/0  ││  ⯁ P1 DD2-99    Beispiel-…│ │
││                           ││                           ││                           │ │
││                           ││                           ││                           │ │
││                           ││                           ││                           │ │
││                           ││                           ││                           │ │
││                           ││                           ││                           │ │
││                           ││                           ││                           │ │
││                           ││                           ││                           │ │
││                           ││                           ││                           │ │
││                           ││                           ││                           │ │
││                           ││                           ││                           │ │
││                           ││                           ││                           │ │
││                           ││                           ││                           │ │
│╰───────────────────────────╯╰───────────────────────────╯╰───────────────────────────╯ │
│i/k:↑↓  l/→:in  j/←:out  enter:detail  S:milestone-status  d:delete  f:filter  y:yank   │
│t:tags  ctrl+r:reload  b:backlog  R:reviews  q:quit                                     │
╰────────────────────────────────────────────────────────────────────────────────────────╯