> devd2                                ctrl+k:Cmd  p:Projekt  b:Backlog  R:Reviews  q:Quit
╭────────────────────────────╮╭────────────────────────────╮╭────────────────────────────╮
│Meilensteine                ││Sprints ∙ Meilenstein Eins  ││Issues ∙ DD2#9              │
│──────────────              ││────────────────────────────││────────────────            │
│▸ ◉ Meilenstein Eins  0/0   ││  DD2#9    review  0/0      ││  ⯁ P1 DD2-99    Beispiel-I…│
│                            ││                            ││                            │
│                            ││                            ││                            │
│                            ││                            ││                            │
│                            ││                            ││                            │
│                            ││                            ││                            │
│                            ││                            ││                            │
│                            ││                            ││                            │
│                            ││                            ││                            │
│                            ││                            ││                            │
│                            ││                            ││                            │
│                            ││                            ││                            │
│                            ││                            ││                            │
│                            ││                            ││                            │
│                            ││                            ││                            │
│                            ││                            ││                            │
╰────────────────────────────╯╰────────────────────────────╯╰────────────────────────────╯
j/k:↑↓  l/→:rein  h/←:raus  enter:Detail  S:Meilenstein-Status  d:löschen  f:Filter  y:Yank  b:Backlog  R:Reviews  t:Tree  q:quit