> devd2                        ctrl+k:cmd  p:project  b:backlog  R:reviews  ?:help  q:quit
dd2 — Documents
╭──────────────────────────────╮╭────────────────────────────────────────────────────────╮
│Docs ∙ TUI M3 (2)             ││Detail                                                  │
│───────────────────           ││────────                                                │
│▸ [(no file)]                 ││Plan                                                    │
│  Plan                        ││                                                        │
│  [(no file)]                 ││                                                        │
│  Notes                       ││  # Plan                                                │
│                              ││                                                        │
│                              ││  body one                                              │
│                              ││                                                        │
│                              ││                                                        │
│                              ││                                                        │
│                              ││                                                        │
│                              ││                                                        │
│                              ││                                                        │
│                              ││                                                        │
│                              ││                                                        │
│                              ││                                                        │
│                              ││                                                        │
╰──────────────────────────────╯╰────────────────────────────────────────────────────────╯
i/k:↑↓  /:search  enter:edit  n:new  d:delete  a:assign  r:rename  y:yank  esc/q:back