╭────────────────────────────────────────────────────────────────────────────────────────╮
│> devd2: Issue DD2-99        ctrl+k:cmd  p:project  b:backlog  R:reviews  ?:help  q:quit│
│Status: to_review   Type: ⯁ bug   Prio: P1                                              │
│────────────────────────────────────────────────────────────────────────────────────────│
│ Beispiel-Issue für den Snapshot                                                        │
│                                                                                        │
│ Goal:                                                                                  │
│ Detail soll scrollbar sein, damit umfangreicher Inhalt lesbar bleibt.                  │
│                                                                                        │
│ Background:                                                                            │
│ Hintergrund mit Text, der über die Terminalbreite hinausläuft und sauber umgebrochen   │
│ werden muss, damit die Zeilenzählung beim Scrollen stimmt.                             │
│                                                                                        │
│ User-Stories (2):                                                                      │
│   [✓] US eins                                                                          │
│   [ ] US zwei                                                                          │
│                                                                                        │
│                                                                                        │
│────────────────────────────────────────────────────────────────────────────────────────│
│s: status   i/k: scroll   g/G: start/end   esc/q: back                                  │
│                                                                                        │
╰────────────────────────────────────────────────────────────────────────────────────────╯