╭────────────────────────────────────────────────────────────────────────────────────────╮
│> dd: Project Browser        ctrl+k:cmd  p:project  b:backlog  R:reviews  ?:help  q:quit│
│╭─────────────────────────────╮╭───────────────────────────────────────────────────────╮│
││⌕ s[0m[;m╭────────────────────────────────────────────────────────────────────────────╮[0m[0m     ││
││   [0m[;m│[0m What's new in v1.2.0                                                       [;m│[0m[0m     ││
││   [0m[;m│[0m                                                                            [;m│[0m[0m     ││
││   [0m[;m│[0m   # What's new                                                             [;m│[0m[0m     ││
││   [0m[;m│[0m                                                                            [;m│[0m[0m     ││
││   [0m[;m│[0m   • Added the update checker                                               [;m│[0m[0m     ││
││   [0m[;m│[0m   • Fixed a bug                                                            [;m│[0m[0m     ││
││   [0m[;m│[0m                                                                            [;m│[0m[0m     ││
││   [0m[;m│[0m                                                                            [;m│[0m[0m     ││
││   [0m[;m│[0m                                                                            [;m│[0m[0m     ││
││   [0m[;m│[0m                                                                            [;m│[0m[0m     ││
││   [0m[;m│[0m                                                                            [;m│[0m[0m     ││
││   [0m[;m│[0m                                                                            [;m│[0m[0m     ││
││   [0m[;m│[0m                                                                            [;m│[0m[0m     ││
││   [0m[;m│[0m                                                                            [;m│[0m[0m     ││
││   [0m[;m│[0m                                                                            [;m│[0m[0m     ││
││   [0m[;m│[0m                                                                            [;m│[0m[0m     ││
││   [0m[;m│[0m                                                                            [;m│[0m[0m     ││
││   [0m[;m│[0m                                                                            [;m│[0m[0m     ││
││   [0m[;m│[0m                                                                            [;m│[0m[0m     ││
││   [0m[;m│[0m                                                                            [;m│[0m[0m     ││
││   [0m[;m│[0m                                                                            [;m│[0m[0m     ││
│╰───[0m[;m│[0m up/down: scroll   enter/esc/q: close                                       [;m│[0m[0m─────╯│
│i/k:[0m[;m╰────────────────────────────────────────────────────────────────────────────╯[0m[0myank  │
│/:search  f:filter  t:tags  ctrl+r:reload                                               │
│                                                                                        │
╰────────────────────────────────────────────────────────────────────────────────────────╯