> devd2                        ctrl+k:cmd  p:project  b:backlog  R:reviews  ?:help  q:quit
dd2 — SSTD
╭──────────────────────────────╮╭────────────────────────────────────────────────────────╮
│Slots ∙ 6 + 2 proj (8)        ││Architecture                                            │
│────────────────────────      ││──────────────                                          │
│▸   architecture Architecture ││                                                        │
│    conventions Conventions ·…││  # Architecture                                        │
│    sprint_state Sprint State ││                                                        │
│    roadmap Roadmap ·empty    ││  Layered client/server.                                │
│    cross_refs Cross-Refs ·em…││                                                        │
│    misc Misc ·empty          ││                                                        │
│  ◦ next_steps Next Steps     ││                                                        │
│  ◦ journal Session Log       ││                                                        │
│                              ││                                                        │
│                              ││                                                        │
│                              ││                                                        │
│                              ││                                                        │
│                              ││                                                        │
│                              ││                                                        │
│                              ││                                                        │
│                              ││                                                        │
╰──────────────────────────────╯╰────────────────────────────────────────────────────────╯
i/k:↑↓  enter:edit (neovim)  y:yank slot  alt+y:yank all  esc/q:back