> devd2: Projekt-Browser      ctrl+k:Cmd  p:Projekt  b:Backlog  R:Reviews  ?:Hilfe  q:Quit
╭────────────────────────────────────╮╭──────────────────────────────────────────────────╮
│⌕ Suchen mit /  ∙  Filter f         ││> DD2#9 Sprint Neun                               │
│ ▾ ◉ Meilenstein Eins               ││Meilenstein Eins Meilenstein  ∙  0/0 For… review  │
│▌  ▾ DD2#9 review                   ││                                                  │
│       ⯁ DD2-99                     ││                                                  │
│                                    ││                                                  │
│                                    ││                                                  │
│                                    ││                                                  │
│                                    ││                                                  │
│                                    ││                                                  │
│                                    ││                                                  │
│                                    ││                                                  │
│                                    ││                                                  │
│                                    ││                                                  │
│                                    ││                                                  │
│                                    ││                                                  │
│                                    ││                                                  │
╰────────────────────────────────────╯╰──────────────────────────────────────────────────╯
i/k:↑↓  l/→:auf  j/←:zu  1…n:Section  s:Status  S:Meilenstein  d:löschen  y:yank  /:Suche
f:Filter  t:Tags  ctrl+r:neu laden                                                       
