> devd2: Projekt-Browser               ctrl+k:Cmd  p:Projekt  b:Backlog  R:Reviews  q:Quit
╭────────────────────────────────────╮╭──────────────────────────────────────────────────╮
│⌕ Suchen mit /  ∙  Filter f         ││> DD2-99 Beispiel-Issue für den Snapshot          │
│ ▾ ◉ Meilenstein Eins               ││P1 prio  ∙  ⯁ bug type                 to_review  │
│   ▾ DD2#9 review                   ││                                                  │
│▌      ⯁ DD2-99                     ││Sections: Ziffer [1..n] öffnet                    │
│                                    ││> [1] Goal / Beschreibung ∙ PO-Notes  ▾           │
│                                    ││╭──────────────────────────────────────────────╮  │
│                                    │││Goal                                          │  │
│                                    │││Detail soll scrollbar                         │  │
│                                    │││sein, damit umfangreicher                     │  │
│                                    │││Inhalt lesbar bleibt.                         │  │
│                                    ││╰──────────────────────────────────────────────╯  │
│                                    ││> [2] Background / Context  ▸                     │
│                                    ││> [3] User-Stories (2)  ▸                         │
│                                    ││                                                  │
│                                    ││                                                  │
│                                    ││                                                  │
╰────────────────────────────────────╯╰──────────────────────────────────────────────────╯
i/k:↑↓  l/→:auf  j/←:zu  1…n:Section  s:Status  S:Meilenstein  d:löschen  y:yank  /:Suche
f:Filter  t:Ranger                                                                       
