> devd2: Projekt-Browser               ctrl+k:Cmd  p:Projekt  b:Backlog  R:Reviews  q:Quit
╭────────────────────────────────────╮╭──────────────────────────────────────────────────╮
│⛨ Suchen mit /  ·  Filter f         ││> DD2#9 Sprint Neun                               │
│ ▾ ● Meilenstein Eins               ││Meilenstein Eins Meilenstein  ·  0/0 For… review  │
│▌  ▾ DD2#9 review                   ││                                                  │
│       ◆ DD2-99                     ││                                                  │
│                                    ││                                                  │
│                                    ││                                                  │
│                                    ││                                                  │
│                                    ││                                                  │
│                                    ││                                                  │
│                                    ││                                                  │
│                                    ││                                                  │
│                                    ││                                                  │
│                                    ││                                                  │
│                                    ││                                                  │
│                                    ││                                                  │
│                                    ││                                                  │
╰────────────────────────────────────╯╰──────────────────────────────────────────────────╯
j/k:↑↓  l/→:auf  h/←:zu  s:Status  S:Meilenstein  d:löschen  y:yank  /:Suche  f:Filter
t:Ranger                                                                              
